2025-04-04 04:49:20.549171 - Received CBT.V508.FILE130.PDS from FILE130.XMI 
2025-04-04 04:49:20.550263 - Found $$$#DATE.txt (text/plain) in CBT.V508.FILE130.PDS, moved to PDS/$$$#DATE
2025-04-04 04:49:20.550400 - Found $DSCLAIM.txt (text/plain) in CBT.V508.FILE130.PDS, moved to PDS/$DSCLAIM
2025-04-04 04:49:20.550532 - Found $INDEX.txt (text/plain) in CBT.V508.FILE130.PDS, moved to PDS/$INDEX
2025-04-04 04:49:20.550687 - Found @FILE130.txt (text/plain) in CBT.V508.FILE130.PDS, moved to PDS/@FILE130
2025-04-04 04:49:20.550803 - Found BLGS11.jcl (text/plain) in CBT.V508.FILE130.PDS, moved to PDS/BLGS11
2025-04-04 04:49:20.550918 - Found CBT$.txt (text/plain) in CBT.V508.FILE130.PDS, moved to PDS/CBT$
2025-04-04 04:49:20.551048 - Found CBTAMS.jcl (text/plain) in CBT.V508.FILE130.PDS, moved to PDS/CBTAMS
2025-04-04 04:49:20.551161 - Found CBTBLD.jcl (text/plain) in CBT.V508.FILE130.PDS, moved to PDS/CBTBLD
2025-04-04 04:49:20.551272 - Found CBTOZD.jcl (text/plain) in CBT.V508.FILE130.PDS, moved to PDS/CBTOZD
2025-04-04 04:49:20.551445 - Found CDF.jcl (text/plain) in CBT.V508.FILE130.PDS, moved to PDS/CDF
2025-04-04 04:49:20.551564 - Found CDF$.txt (text/plain) in CBT.V508.FILE130.PDS, moved to PDS/CDF$
2025-04-04 04:49:20.551681 - Found CDFDATAB.txt (text/plain) in CBT.V508.FILE130.PDS, moved to PDS/CDFDATAB
2025-04-04 04:49:20.551790 - Found CDFHELP.txt (text/plain) in CBT.V508.FILE130.PDS, moved to PDS/CDFHELP
2025-04-04 04:49:20.551909 - Found CDF00.txt (text/plain) in CBT.V508.FILE130.PDS, moved to PDS/CDF00
2025-04-04 04:49:20.552021 - Found IGC0023E.jcl (text/plain) in CBT.V508.FILE130.PDS, moved to PDS/IGC0023E
2025-04-04 04:49:20.552143 - Found INFOMGT.txt (text/plain) in CBT.V508.FILE130.PDS, moved to PDS/INFOMGT
2025-04-04 04:49:20.552271 - Found INFOMGTP.txt (text/plain) in CBT.V508.FILE130.PDS, moved to PDS/INFOMGTP
2025-04-04 04:49:20.552380 - Found IN00.txt (text/plain) in CBT.V508.FILE130.PDS, moved to PDS/IN00
2025-04-04 04:49:20.552494 - Found ISR@PRIM.txt (text/plain) in CBT.V508.FILE130.PDS, moved to PDS/ISR@PRIM
2025-04-04 04:49:20.552627 - Found PSCANZAP.jcl (text/plain) in CBT.V508.FILE130.PDS, moved to PDS/PSCANZAP
